npm warn Unknown env config "http-proxy". This will stop working in the next major version of npm.

> test
> node --test index-analyzer.test.mjs gmail-filter.test.mjs gmail-policy.test.mjs gmail-normalize.test.mjs price-check.test.mjs price-quote.test.mjs price-source/sarberki-public-booking.test.mjs price-source/recorded-previo-test.mjs price-source/public-price-fallback.test.mjs tests/price-quote-function.test.mjs tests/availability-options.test.mjs email-price-chain.test.mjs fishing-rules.test.mjs business-config.test.mjs booking-confirmation.test.mjs booking-input.test.mjs intake-normalize.test.mjs tests/inquiry-contract.test.mjs tests/inquiry-assessment.test.mjs tests/workflow-decision.test.mjs tests/pms-adapter.test.mjs tests/business-profile.test.mjs tests/pushover-test-function.test.mjs tests/email-stress.test.mjs tests/availability-reply.test.mjs tests/fresh-gmail-e2e.test.mjs

✔ under 15 guests uses 50 percent deposit and 14 day cancellation (1.72359ms)
✔ 15 or more guests uses configured large-group terms (0.285101ms)
✔ all four languages generate finalized booking confirmation (0.308156ms)
✔ email web form and phone AI produce the same booking facts (44.514989ms)
✔ total-only guest count is not treated as adult count (3.77825ms)
✔ explicit no-children statement makes child status known (2.23055ms)
✔ contradictory guest total is blocked and marked for human review (0.737511ms)
✔ unknown channel is rejected (0.549623ms)
✔ business config contains reusable company boundary (1.127979ms)
✔ company config is immutable at the top level (0.173437ms)
✔ all current public nightly base prices are mapped (0.141509ms)
✔ standard extra guest rules are shared by all expandable four-person units (0.252734ms)
✔ split unit capacities and public prices stay distinct (0.119357ms)
✔ group-size booking rules stay explicit (0.107248ms)
✔ split Previo object-kind mapping is verified only at pooled type level (0.451948ms)
✔ email extraction → exact anonymous quote input → recorded adult result → human approval → draft (96.566289ms)
✔ children ages and family cabin survive real extraction and quote boundary (58.998137ms)
✔ zero capacity, malformed reply and unavailable service never enter a draft (14.183765ms)
✔ unknown cabin, missing guest data and missing child age stop before fetch (13.041194ms)
✔ forbidden input is rejected before any mock source call (0.71692ms)
✔ loaded Gmail record uses normalized dates and carries its draft through mock quote (17.186288ms)
✔ contradictory Gmail booking facts never trigger a quote request (10.675084ms)
✔ over-capacity request automatically prices the minimum number of houses (8.816974ms)
✔ split cabin is stopped in UI before live quote fetch (2.070022ms)
✔ explicit multiple-unit request gets a live internal price while modifications and cancellations stay blocked (9.811656ms)
✔ informal Hungarian family request survives the full email-to-quote chain (4.592475ms)
✔ English two Deluxe cabins reach quote boundary as two units (16.38396ms)
✔ German and Slovenian explicit two-unit wording reaches the same quote boundary (7.161405ms)
✔ Gmail normalized record can rescue weaker extractor values at quote boundary (6.639323ms)
✔ Gmail human-review guest contradiction blocks quote even if pricing fields look complete (3.437165ms)
✔ dense new Deluxe inquiry is not treated as modification and prices minimum two units (15.104196ms)
✔ dense Deluxe inquiry reports two required units when Previo has zero free units (4.59633ms)
✔ hu complete inquiry reaches anonymous quote and requires child-price approval (2.801094ms)
✔ de complete inquiry reaches anonymous quote and requires child-price approval (1.68946ms)
✔ si complete inquiry reaches anonymous quote and requires child-price approval (1.732814ms)
✔ en complete inquiry reaches anonymous quote and requires child-price approval (2.523002ms)
✔ adult-only inquiry does not copy total guests into child count (1.346072ms)
✔ explicit special requests survive all four languages in the canonical manual record (4.964705ms)
✔ total-only guest count never becomes adult count and blocks price lookup (2.298811ms)
✔ approved child quote includes age, HUF, EUR and under-15 booking terms (4.815724ms)
✔ approved quote switches to 80 percent deposit and 30 day cancellation from 15 guests (4.382304ms)
✔ six-person inquiry lists verified availability before signature (16.009195ms)
✔ six-adult availability reply stays complete in DE EN and SL (7.518964ms)
✔ deluxe 4: exact occupancy is passed to quote adapter (1.395315ms)
✔ deluxe 5: exact occupancy is passed to quote adapter (0.122341ms)
✔ deluxe 6: exact occupancy is passed to quote adapter (0.11481ms)
✔ family 4: exact occupancy is passed to quote adapter (0.077995ms)
✔ family 5: exact occupancy is passed to quote adapter (0.100158ms)
✔ vip 2: exact occupancy is passed to quote adapter (0.079838ms)
✔ vip 7: exact occupancy is passed to quote adapter (0.101951ms)
✔ season date is preserved, never manually surcharged (0.141339ms)
✔ outside single unit capacity is blocked (0.433201ms)
✔ child quote is blocked before launching browser (0.367293ms)
✔ normal lake adult 24h, separate source and validity (1.379291ms)
✔ barbed hook is prohibited (0.775768ms)
✔ unrelated accommodation inquiry does not activate fishing (0.374434ms)
✔ returning discount remains un-applied without Previo history (0.073398ms)
✔ dense English fishing question keeps all requested verified answers (0.254647ms)
✔ German and Slovenian barbed-hook questions stay localized (0.146837ms)
✔ generic Hungarian fishing conditions question gets concrete verified rules (0.333533ms)
✔ plain fishing intent gets the full verified requirements in all supported languages (0.749198ms)
✔ approved subject variants and descriptive inquiry subjects work while unrelated subjects stay rejected (3.776988ms)
✔ Gmail bridge enforces the predicate after inbox listing (0.378009ms)
✔ Gmail bridge imports the shared Sárberki core helpers (0.260265ms)
✔ Gmail record consumes normalized multilingual dates (0.6281ms)
✔ Gmail draft uses the shared multilingual reply builder (0.148089ms)
✔ Gmail bridge recognizes multilingual hot tub dog availability and child-age wording (0.442655ms)
✔ Gmail bridge has one canonical date parser (0.152986ms)
✔ Gmail record exposes canonical normalized fields for UI (0.188488ms)
✔ parsed child ages are not falsely marked missing (0.19646ms)
✔ Gmail bridge can read HTML-only inquiries (0.190041ms)
✔ reply and follow-up inquiry subjects remain readable (0.70972ms)
✔ contradictory adult child totals are escalated to human review (0.136912ms)
✔ generic inquiry prefixes do not admit unrelated mail (2.084364ms)
✔ previously read Gmail messages can be reopened directly from the picker (0.272293ms)
✔ HU parse (46.282043ms)
✔ EN parse (2.4466ms)
✔ DE parse (1.177341ms)
✔ SI parse (0.73671ms)
✔ missing cabin is never inferred from party size (0.159826ms)
✔ requested unit count is shared across HU EN DE SI (3.310007ms)
✔ HU repeated month range (0.85801ms)
✔ past yearless date rolls to next year and requires review (0.976755ms)
✔ next-year wording is explicit inference without review flag (6.36667ms)
✔ language detection is conservative across HU DE EN SI (2.562171ms)
✔ reply questions follow detected language and only ask missing fields (0.351931ms)
✔ Teszt Elek concrete regression parses all confirmed core fields (5.157871ms)
✔ HU abbreviated October range (0.544706ms)
✔ compact European numeric date ranges work in DE SI and HU wording (0.907552ms)
✔ yearless compact European range follows the shared year inference rule (0.660928ms)
✔ colloquial Hungarian without accents still parses core booking facts (2.894352ms)
✔ Hungarian guest count words are recognized conservatively (2.076652ms)
✔ adult plus child counts produce total guests in HU EN DE SI (0.435464ms)
✔ informal Hungarian child count and ages are recognized (1.537744ms)
✔ accentless Hungarian booking text is detected as Hungarian (0.110093ms)
✔ Hungarian missing-cabin follow-up uses natural wording (0.103603ms)
✔ real German Gmail regression parses current test message (2.45373ms)
✔ real German inbox regression parses yesterday's message (1.245002ms)
✔ private pier preference is recognized without inferring a cabin type (0.371019ms)
✔ German reply summary preserves the real inbox facts without inventing a cabin or price (0.611885ms)
✔ English reply summary uses the shared facts without inventing a cabin or price (0.298101ms)
✔ English full inquiry regression uses the shared multilingual core (1.238973ms)
✔ German orthography markers are recognized (0.124885ms)
✔ Slovenian orthography markers are recognized (0.129882ms)
✔ English aged child syntax is recognized (0.107649ms)
✔ labelled child age lists parse all ages in DE EN SI (0.18938ms)
✔ varied real-world DE SI EN inquiry regressions (5.310216ms)
✔ real Gmail comprehensive English end-to-end regression (2.465968ms)
✔ family holiday wording does not invent Family cabin (0.130784ms)
✔ English multiple-cabin regression from iPhone screen recording (0.751753ms)
✔ shared reply builder keeps manual and Gmail drafts identical for the same normalized facts (16.306395ms)
✔ shared reply builder asks only shared missing-data questions (0.278732ms)
✔ custom business timezone is supported (0.944037ms)
✔ HU natural 'és ... között' range regression (0.389095ms)
✔ booking subquestions return only the relevant known policy details (3.158603ms)
✔ dense HU inquiry keeps dates and answers booking conditions together (1.951497ms)
✔ booking policy answers stay equivalent in DE EN SI (2.134388ms)
✔ 15+ guest cancellation threshold is localized consistently (3.666785ms)
✔ dense operational questions are answered from verified config (1.537906ms)
✔ deposit percentage changes at 15 guests and unknown group size stays explicit (0.362857ms)
✔ pricing subquestions acknowledge season tax and alternatives (5.364917ms)
✔ dense guest letter keeps every verified answer in one final draft (5.020608ms)
✔ explicit total guest count overrides conflicting component wording (0.16884ms)
✔ adult plus child pairs still infer total when no explicit total is present (0.1554ms)
✔ cross-month ranges keep both months in EN DE SI and year rollover (1.585275ms)
✔ Slovenian family cabin wording maps to Családi (0.12167ms)
✔ short guest emails keep the correct reply language (0.160978ms)
✔ explicit total guest count beats earlier per-unit wording (0.122892ms)
✔ adult count parser reads all supported languages (0.284491ms)
✔ European numeric date ranges work in German and Slovenian style (0.187988ms)
✔ written Hungarian and Slovenian adult-child counts are parsed without a numeric total (0.8173ms)
✔ unknown child status also asks for child ages in HU DE EN SI (0.191323ms)
✔ real Kovacs Istvan numeric Hungarian date range is parsed (0.174017ms)
✔ known dates and party size offer capacity options and ask for missing cabin and adult details (0.329237ms)
✔ Gmail search reads every inbox message after the test start date, regardless of sender or subject (0.833243ms)
✔ wrong OAuth account stops before inbox reads (0.538767ms)
✔ inbox predicate accepts any sender and any subject (0.225654ms)
✔ local filter still rejects old dates, non-inbox mail and invalid timestamps (0.153558ms)
✔ OAuth callback verifies the designated account before requesting any messages (15.43116ms)
✔ main analyzer recognizes multilingual explicit cabin vocabulary (2.173295ms)
✔ main analyzer still blocks ambiguous cabin selection (0.20999ms)
✔ open multi-unit wording stays uncertain instead of becoming one unit (0.296229ms)
✔ Teszt Elek UI regression guards normalized transfer behavior (0.193376ms)
✔ guest-facing draft stays relevant and normalized (0.195008ms)
✔ guest reply contains useful booking summary and explicit pending checks (0.183161ms)
✔ reply engine answers only actual guest questions while confirming core booking facts (0.33825ms)
✔ manual UI and Gmail bridge use the same shared Sarberki core (0.265893ms)
✔ Gmail bridge remains strictly read-only and exposes no send action (0.700947ms)
✔ test UI does not overclaim Previo side-effect safety (0.219244ms)
✔ test deployment cache-busts the updated rule modules (0.14231ms)
✔ availability integration regenerates the full reply instead of appending to a stale draft (0.187878ms)
✔ availability block is inserted before the email signature (0.142951ms)
✔ Gmail draft mirrors the unified main reply and availability result (0.183381ms)
✔ analysis waits for the shared rules engine and availability can recover missed events (0.207347ms)
✔ availability insertion function is not corrupted (0.252503ms)
✔ approved fish logo asset remains wired on the test UI (0.185214ms)
✔ manual Gmail web form and phone AI normalize into the same booking schema (52.350372ms)
✔ phone AI transcript uses the common core without creating a separate booking logic (0.877388ms)
✔ unknown channels are rejected (0.896937ms)
✔ pricing flow recognizes explicit cabin words in HU DE EN SI (1.396146ms)
✔ pricing flow keeps ambiguous cabin unresolved but allows availability discovery from exact date and guest count (0.204773ms)
✔ pricing consumes normalized Gmail ISO dates and blocks inferred year auto quote (0.185425ms)
✔ price checker transfers child counts and ages and requires exact ages for live quote (2.33143ms)
✔ price checker auto-fills after manual analysis and loaded records (0.23639ms)
✔ price approval requires a separate human action before draft insertion (0.222149ms)
✔ approved price insertion follows explicit human approval and manual cabin choice (0.304961ms)
✔ approved online quote keeps accommodation and IFA breakdown (0.210732ms)
✔ pet and hot-tub wording follows current guest-response rules (0.194488ms)
✔ changing quote inputs invalidates previous price approval (0.288647ms)
✔ Teszt Elek reply retains known facts without inventing a price or pet fee (2.797149ms)
✔ split cabin requires A B C choice before pricing (0.153688ms)
✔ split capacities are wired and explicit A B C units can reach pricing (0.107008ms)
✔ Slovenian family cabin wording reaches pricing (0.143262ms)
✔ Gmail normalized facts override weaker UI extraction and contradiction review blocks auto quote (1.091795ms)
✔ approved quote asks for explicit guest confirmation before booking in all four languages (0.162801ms)
✔ approved price reply uses configured group-size deposit and cancellation terms in all four languages (0.177382ms)
✔ multilingual approved price survives draft rewrite (0.213536ms)
✔ focused replies ask for every missing booking basic (0.228258ms)
✔ price preparation no longer falls back from total guests to adults (0.113939ms)
✔ only exact future dates and explicit room and adult count are accepted (2.347904ms)
✔ personal and unrecognized fields are rejected before a Previo request (0.501823ms)
✔ forbidden input fields make zero adapter calls even if live gate were enabled (8.724077ms)
✔ price summary accepts only HUF and preserves the displayed total (0.387203ms)
✔ child price is blocked before a browser is opened (1.213826ms)
✔ deployed quote fails closed with JSON when live source fails (0.926871ms)
✔ Netlify endpoint returns only checked adapter data and omits price when unavailable (18325.803595ms)
✔ Netlify runtime context is not mistaken for the price adapter (0.617884ms)
✔ without PMS no-hold verification no live request is made (0.390087ms)
✔ multi-house capacity is accepted only with an explicit sufficient unit count (0.313224ms)
✔ split base reference remains available when no extra-guest rate is needed (1.315336ms)
✔ split reference fails closed when a fifth adult would require the stale extra-person rate (0.439119ms)
✔ split reference fails closed when an extra child would require the stale child rate (0.204312ms)
✔ recorded child matrix keeps 2/5/13/17 prices stable and 18-year-old as adult IFA control (1.492768ms)
✔ recorded quote lookup returns verified child fixture without live Previo (0.830909ms)
✔ split pools are available for read-only occupancy without enabling split quotes (6.678937ms)
✔ 2 adults: source JSON is the sole price, and availability is checked (1.56784ms)
✔ 2 adults and 7/11 year old children use separate Previo categories (1.767956ms)
✔ different cabin maps to its own Previo object kind (0.877979ms)
✔ child age boundaries are preserved for every live-mapped Sárberki cabin (7.535359ms)
✔ 18-year-old control is sent as an adult, never as a child category (1.198573ms)
✔ two units return a reconciled per-unit breakdown and require two free units (1.714897ms)
✔ no capacity never requests a price (0.568891ms)
✔ invalid input, unknown price and source error fail without a quote (1.363728ms)
✔ all outbound requests are restricted to anonymous search, occupancy and price (0.735127ms)
✔ a changed first step form cannot route a POST to a reservation endpoint (0.279073ms)
✔ a search redirect to any booking submission route is rejected without following it (0.920021ms)
✔ redirects containing an unexpected guest or tracking parameter are rejected (0.442185ms)
✔ only the known 302 search redirect is followed as GET (0.511957ms)
✔ forbidden endpoint, origin, redirect method and body make zero outbound calls (0.285052ms)
✔ initial anonymous GET may redirect only to step-1 (0.210812ms)
✔ nested personal fields and reservation hashes are blocked before network access (0.360524ms)
✔ six guests produce verified single-house options and split manual-review combinations (10.793329ms)
✔ split pooled availability can be verified while physical pairing stays manual (0.541491ms)
✔ insufficient split pool capacity never upgrades the manual-review combination (0.32385ms)
✔ same-type multi-unit option requires enough free units (0.286684ms)
✔ availability endpoint accepts only anonymous dates and total guests (5.234224ms)
✔ live availability is isolated to the test host (0.390167ms)
✔ split planner never claims verified availability (0.16898ms)
✔ split manual review explains the verified pooled Previo type mapping boundary (0.206055ms)
✔ availability reply hu uses the guest language (1.378009ms)
✔ availability reply hu does not expose internal PMS mapping (0.307314ms)
✔ availability reply de uses the guest language (0.08766ms)
✔ availability reply de does not expose internal PMS mapping (1.061731ms)
✔ availability reply en uses the guest language (0.10144ms)
✔ availability reply en does not expose internal PMS mapping (0.082312ms)
✔ availability reply si uses the guest language (0.064315ms)
✔ availability reply si does not expose internal PMS mapping (1.190341ms)
✔ empty availability does not promise accommodation (0.181037ms)
✔ late availability response cannot overwrite a changed inquiry (4.187235ms)
✔ blank child ages never become age zero during capacity enrichment (10.670967ms)
✔ generic business profile contains no hard-coded accommodation business (0.753685ms)
✔ Sárberki values are supplied through its business profile (0.158034ms)
✔ stress hu-plain (69.312737ms)
✔ stress hu-lines (15.090306ms)
✔ stress hu-upper (3.360541ms)
✔ stress hu-space (3.15637ms)
✔ stress hu-long (3.681597ms)
✔ stress hu-subject-0 (4.495931ms)
✔ stress hu-subject-1 (2.972969ms)
✔ stress hu-subject-24 (2.741897ms)
✔ stress hu-subject-19 (2.990684ms)
✔ stress de-plain (12.165789ms)
✔ stress de-lines (3.655978ms)
✔ stress de-upper (2.429905ms)
✔ stress de-space (2.481712ms)
✔ stress de-long (2.708748ms)
✔ stress de-subject-0 (2.498666ms)
✔ stress de-subject-1 (2.673866ms)
✔ stress de-subject-24 (3.886961ms)
✔ stress de-subject-19 (2.92036ms)
✔ stress en-plain (3.155729ms)
✔ stress en-lines (2.64939ms)
✔ stress en-upper (2.660396ms)
✔ stress en-space (2.712534ms)
✔ stress en-long (3.144663ms)
✔ stress en-subject-0 (2.824929ms)
✔ stress en-subject-1 (2.679534ms)
✔ stress en-subject-24 (2.600678ms)
✔ stress en-subject-19 (2.394342ms)
✔ stress si-plain (2.974881ms)
✔ stress si-lines (3.428893ms)
✔ stress si-upper (2.286803ms)
✔ stress si-space (2.438498ms)
✔ stress si-long (2.817559ms)
✔ stress si-subject-0 (2.27169ms)
✔ stress si-subject-1 (2.38571ms)
✔ stress si-subject-24 (2.335265ms)
✔ stress si-subject-19 (2.288065ms)
✔ stress cabin-0 (6.82722ms)
✔ stress cabin-1 (9.440317ms)
✔ stress cabin-2 (4.79883ms)
✔ stress cabin-3 (2.177942ms)
✔ stress cabin-4 (2.35226ms)
✔ stress accentless (3.491386ms)
✔ stress word-conflict (3.334303ms)
✔ stress digit-conflict (2.383576ms)
✔ stress unknown-children (2.364368ms)
✔ stress missing-ages (2.271481ms)
✔ stress single-age (2.306472ms)
✔ stress separate-ages (2.347343ms)
✔ stress age-phone (2.407862ms)
✔ stress adult-age (4.297378ms)
✔ stress date-phone (1.883136ms)
✔ stress booking-phone (2.543202ms)
✔ stress signature-phone (1.925378ms)
✔ stress invalid-53 (1.605375ms)
✔ stress invalid-54 (1.394242ms)
✔ stress invalid-55 (1.478498ms)
✔ stress invalid-56 (2.124544ms)
✔ stress two-ranges (2.249478ms)
✔ stress three-dates (1.497716ms)
✔ stress next-year-de (4.369594ms)
✔ stress next-year-si (2.261846ms)
✔ stress next-year-natural (2.309306ms)
✔ stress relative-62 (1.732223ms)
✔ stress relative-63 (1.83879ms)
✔ stress relative-64 (1.643792ms)
✔ stress relative-65 (1.560238ms)
✔ stress relative-66 (1.529984ms)
✔ stress old-yearless (2.467141ms)
✔ stress quote-68 (5.849655ms)
✔ stress quote-69 (2.269357ms)
✔ stress quote-70 (2.387102ms)
✔ stress dog-retracted (2.462923ms)
✔ stress dog-no-en (3.033338ms)
✔ stress tub-no (2.284791ms)
✔ stress multi-house (2.400591ms)
✔ stress open-house (2.646094ms)
✔ stress no-child (2.900572ms)
✔ stress late-arrival (2.41943ms)
✔ stress policy (3.407892ms)
✔ stress known-cabin (2.635028ms)
✔ stress special (2.573638ms)
✔ stress hu-plain-newline (2.935172ms)
✔ stress hu-lines-newline (2.897727ms)
✔ stress hu-upper-newline (2.916004ms)
✔ stress hu-space-newline (2.91338ms)
✔ stress hu-long-newline (6.573947ms)
✔ stress de-plain-newline (2.430967ms)
✔ stress de-lines-newline (2.301144ms)
✔ stress de-upper-newline (2.351369ms)
✔ stress de-space-newline (2.483374ms)
✔ stress de-long-newline (4.866551ms)
✔ stress en-plain-newline (2.721346ms)
✔ stress en-lines-newline (2.778981ms)
✔ stress en-upper-newline (3.752122ms)
✔ stress en-space-newline (2.91342ms)
✔ stress en-long-newline (6.182878ms)
✔ stress si-plain-newline (2.505086ms)
✔ stress si-lines-newline (2.479739ms)
✔ stress si-upper-newline (2.457746ms)
✔ stress si-space-newline (2.673416ms)
✔ stress si-long-newline (4.54856ms)
✔ stress cabin-0-newline (2.560188ms)
✔ stress cabin-1-newline (2.885579ms)
✔ stress cabin-2-newline (3.060688ms)
✔ stress cabin-3-newline (2.961972ms)
✔ stress cabin-4-newline (2.653837ms)
✔ stress accentless-newline (2.706605ms)
✔ stress word-conflict-newline (2.834584ms)
✔ stress digit-conflict-newline (3.85943ms)
✔ stress unknown-children-newline (2.629861ms)
✔ stress missing-ages-newline (2.594519ms)
✔ stress single-age-newline (2.745441ms)
✔ stress separate-ages-newline (2.737119ms)
✔ stress age-phone-newline (2.638294ms)
✔ stress adult-age-newline (3.31791ms)
✔ stress date-phone-newline (1.789427ms)
✔ stress booking-phone-newline (2.408694ms)
✔ stress signature-phone-newline (1.971056ms)
✔ stress invalid-53-newline (1.79784ms)
✔ stress invalid-54-newline (1.885749ms)
✔ stress invalid-55-newline (1.54084ms)
✔ stress invalid-56-newline (2.137172ms)
✔ stress two-ranges-newline (2.443425ms)
✔ stress three-dates-newline (1.611143ms)
✔ stress next-year-de-newline (2.590112ms)
✔ stress next-year-si-newline (2.457115ms)
✔ stress next-year-natural-newline (2.375034ms)
✔ stress relative-62-newline (1.723931ms)
✔ stress relative-63-newline (1.738192ms)
✔ stress relative-64-newline (3.227325ms)
✔ stress relative-65-newline (1.895294ms)
✔ stress relative-66-newline (1.623802ms)
✔ stress old-yearless-newline (2.843758ms)
✔ stress quote-68-newline (3.074079ms)
✔ stress quote-69-newline (3.030243ms)
✔ stress quote-70-newline (2.896275ms)
✔ stress dog-retracted-newline (2.749398ms)
✔ stress dog-no-en-newline (2.49339ms)
✔ stress tub-no-newline (2.622911ms)
✔ stress multi-house-newline (2.490745ms)
✔ stress open-house-newline (2.510555ms)
✔ stress no-child-newline (3.144703ms)
✔ stress late-arrival-newline (2.648198ms)
✔ stress policy-newline (2.646095ms)
✔ stress known-cabin-newline (2.515612ms)
✔ stress special-newline (2.978366ms)
✔ stress mixed-hu-0 (4.919379ms)
✔ stress mixed-hu-1 (6.330566ms)
✔ stress mixed-hu-2 (3.179624ms)
✔ stress mixed-hu-3 (3.467921ms)
✔ stress mixed-hu-4 (2.970435ms)
✔ stress mixed-hu-5 (3.293582ms)
✔ stress mixed-hu-6 (2.880411ms)
✔ stress mixed-hu-7 (3.714095ms)
✔ stress mixed-hu-8 (2.8796ms)
✔ stress mixed-hu-9 (3.777609ms)
✔ stress mixed-hu-10 (3.436525ms)
✔ stress mixed-hu-11 (3.502502ms)
✔ stress mixed-hu-12 (3.033698ms)
✔ stress mixed-hu-13 (4.588328ms)
✔ stress mixed-hu-14 (3.369615ms)
✔ stress mixed-hu-15 (3.625083ms)
✔ stress mixed-hu-16 (2.948602ms)
✔ stress mixed-hu-17 (3.55597ms)
✔ stress mixed-hu-18 (2.928513ms)
✔ stress mixed-hu-19 (4.329746ms)
✔ stress mixed-hu-20 (6.51558ms)
✔ stress mixed-hu-21 (3.124473ms)
✔ stress mixed-hu-22 (3.3663ms)
✔ stress mixed-hu-23 (3.698762ms)
✔ stress mixed-en-0 (3.908002ms)
✔ stress mixed-en-1 (3.268456ms)
✔ stress mixed-en-2 (2.750579ms)
✔ stress mixed-en-3 (3.119946ms)
✔ stress mixed-en-4 (2.626106ms)
✔ stress mixed-en-5 (3.123211ms)
✔ stress mixed-en-6 (2.843697ms)
✔ stress mixed-en-7 (3.189949ms)
✔ stress mixed-en-8 (2.598004ms)
✔ stress mixed-en-9 (3.126235ms)
✔ stress mixed-en-10 (2.672704ms)
✔ stress mixed-en-11 (3.304389ms)
✔ stress mixed-en-12 (2.990054ms)
✔ stress mixed-en-13 (3.46721ms)
✔ stress mixed-en-14 (2.692874ms)
✔ stress mixed-en-15 (3.730449ms)
✔ stress mixed-en-16 (2.883756ms)
✔ stress mixed-en-17 (3.382945ms)
✔ stress mixed-en-18 (2.808756ms)
✔ stress mixed-en-19 (3.163961ms)
✔ stress mixed-en-20 (2.715678ms)
✔ stress mixed-en-21 (3.218863ms)
✔ stress mixed-en-22 (3.053337ms)
✔ stress mixed-en-23 (3.561579ms)
✔ stress mixed-de-0 (2.54109ms)
✔ stress mixed-de-1 (3.271019ms)
✔ stress mixed-de-2 (2.66319ms)
✔ stress mixed-de-3 (11.742653ms)
✔ stress mixed-de-4 (2.681057ms)
✔ stress mixed-de-5 (3.067147ms)
✔ stress mixed-de-6 (2.638183ms)
✔ stress mixed-de-7 (2.887363ms)
✔ stress mixed-de-8 (2.610072ms)
✔ stress mixed-de-9 (3.335084ms)
✔ stress mixed-de-10 (2.603722ms)
✔ stress mixed-de-11 (3.662789ms)
✔ stress mixed-de-12 (2.740074ms)
✔ stress mixed-de-13 (2.896806ms)
✔ stress mixed-de-14 (2.409975ms)
✔ stress mixed-de-15 (2.894272ms)
✔ stress mixed-de-16 (2.371689ms)
✔ stress mixed-de-17 (2.876596ms)
✔ stress mixed-de-18 (2.560198ms)
✔ stress mixed-de-19 (3.187956ms)
✔ stress mixed-de-20 (2.592846ms)
✔ stress mixed-de-21 (3.069742ms)
✔ stress mixed-de-22 (2.790439ms)
✔ stress mixed-de-23 (3.131714ms)
✔ stress mixed-si-0 (2.846772ms)
✔ stress mixed-si-1 (3.813022ms)
✔ stress mixed-si-2 (2.998636ms)
✔ stress mixed-si-3 (3.527468ms)
✔ stress mixed-si-4 (4.611453ms)
✔ stress mixed-si-5 (3.565605ms)
✔ stress mixed-si-6 (2.904206ms)
✔ stress mixed-si-7 (3.401612ms)
✔ stress mixed-si-8 (2.694266ms)
✔ stress mixed-si-9 (5.511335ms)
✔ stress mixed-si-10 (2.640376ms)
✔ stress mixed-si-11 (3.185914ms)
✔ stress mixed-si-12 (2.623121ms)
✔ stress mixed-si-13 (3.159204ms)
✔ stress mixed-si-14 (2.5686ms)
✔ stress mixed-si-15 (3.53532ms)
✔ stress mixed-si-16 (3.013188ms)
✔ stress mixed-si-17 (3.261085ms)
✔ stress mixed-si-18 (2.94019ms)
✔ stress mixed-si-19 (3.08185ms)
✔ stress mixed-si-20 (3.07513ms)
✔ stress mixed-si-21 (3.837968ms)
✔ stress mixed-si-22 (3.558825ms)
✔ stress mixed-si-23 (4.059556ms)
✔ stress arrival-time-changed (2.232883ms)
✔ stress age-adult-child (2.220465ms)
✔ stress fishing-accentless (2.916595ms)
✔ fresh Gmail inbox fixtures survive Gmail transform and reply drafting (67.011232ms)
✔ complete consistent inquiry is ready independently from any PMS (1.541019ms)
✔ missing child ages block readiness (0.165015ms)
✔ guest-count contradiction requires human review (0.119367ms)
✔ unknown accommodation and unknown child status stay incomplete (0.12199ms)
✔ shared inquiry contract is business-independent and preserves normalized payload (1.242278ms)
✔ shared inquiry contract accepts every planned input channel (0.215669ms)
✔ shared inquiry contract rejects unknown channel and empty text (0.365671ms)
✔ read-only PMS adapter exposes normalized availability and quote operations (1.742327ms)
✔ booking mutation capability is rejected at adapter boundary (0.500591ms)
✔ live Previo is enabled only on the isolated test host (1.684843ms)
✔ live Previo stays disabled on production host by default (0.20938ms)
✔ live Previo cannot be enabled on another host or production (0.369296ms)
✔ disabled handler does not call the source (2.23722ms)
✔ enabled handler accepts a validated mocked quote (1.929915ms)
✔ MNB EUR lookup falls back to the official daily rates page when SOAP is unavailable (1.929455ms)
✔ fixed notification sent only server-side; success exposes no credentials (5.895963ms)
✔ production, wrong site, foreign origin and custom messages never send (1.506829ms)
✔ missing configuration does not invoke Pushover (1.152705ms)
✔ provider failure and timeout do not leak secrets or retry (1.297019ms)
✔ missing facts route to data collection before any pricing adapter (1.220065ms)
✔ contradiction routes to human review (0.145726ms)
✔ clean assessment routes to pricing boundary (0.219946ms)
ℹ tests 500
ℹ suites 0
ℹ pass 500
ℹ fail 0
ℹ cancelled 0
ℹ skipped 0
ℹ todo 0
ℹ duration_ms 18595.062909
