npm warn Unknown env config "http-proxy". This will stop working in the next major version of npm.

> test
> node --test *.test.mjs price-source/*.test.mjs price-source/recorded-previo-test.mjs tests/*.test.mjs

✔ under 15 guests uses 50 percent deposit and 14 day cancellation (1.833764ms)
✔ 15 or more guests uses configured large-group terms (0.650236ms)
✔ all four languages generate finalized booking confirmation (0.332592ms)
✔ email web form and phone AI produce the same booking facts (112.675502ms)
✔ total-only guest count is not treated as adult count (4.435502ms)
✔ explicit no-children statement makes child status known (2.982867ms)
✔ contradictory guest total is blocked and marked for human review (1.300089ms)
✔ unknown channel is rejected (0.938392ms)
✔ business config contains reusable company boundary (1.03269ms)
✔ company config is immutable at the top level (0.160068ms)
✔ all current public nightly base prices are mapped (0.120069ms)
✔ standard extra guest rules are shared by all expandable four-person units (0.182593ms)
✔ split unit capacities and public prices stay distinct (0.12224ms)
✔ group-size booking rules stay explicit (2.164378ms)
✔ split Previo object-kind mapping is verified only at pooled type level (0.214003ms)
✔ email extraction → exact anonymous quote input → recorded adult result → human approval → draft (156.124263ms)
✔ children ages and family cabin survive real extraction and quote boundary (118.99049ms)
✔ zero capacity, malformed reply and unavailable service never enter a draft (27.051406ms)
✔ unknown cabin, missing guest data and missing child age stop before fetch (21.183186ms)
✔ forbidden input is rejected before any mock source call (1.045212ms)
✔ loaded Gmail record uses normalized dates and carries its draft through mock quote (19.065953ms)
✔ contradictory Gmail booking facts never trigger a quote request (24.891596ms)
✔ over-capacity request automatically prices the minimum number of houses (4.922557ms)
✔ split cabin is stopped in UI before live quote fetch (4.118349ms)
✔ explicit multiple-unit request gets a live internal price while modifications and cancellations stay blocked (35.867436ms)
✔ informal Hungarian family request survives the full email-to-quote chain (11.84712ms)
✔ English two Deluxe cabins reach quote boundary as two units (46.018578ms)
✔ German and Slovenian explicit two-unit wording reaches the same quote boundary (14.223825ms)
✔ Gmail normalized record can rescue weaker extractor values at quote boundary (14.309716ms)
✔ Gmail human-review guest contradiction blocks quote even if pricing fields look complete (12.539615ms)
✔ dense new Deluxe inquiry is not treated as modification and prices minimum two units (16.688002ms)
✔ dense Deluxe inquiry reports two required units when Previo has zero free units (12.361371ms)
✔ hu complete inquiry reaches anonymous quote and requires child-price approval (5.180703ms)
✔ de complete inquiry reaches anonymous quote and requires child-price approval (3.362597ms)
✔ si complete inquiry reaches anonymous quote and requires child-price approval (3.334119ms)
✔ en complete inquiry reaches anonymous quote and requires child-price approval (5.364031ms)
✔ adult-only inquiry does not copy total guests into child count (2.704931ms)
✔ explicit special requests survive all four languages in the canonical manual record (13.453921ms)
✔ total-only guest count never becomes adult count and blocks price lookup (3.979197ms)
✔ approved child quote includes age, HUF, EUR and under-15 booking terms (11.018533ms)
✔ approved quote switches to 80 percent deposit and 30 day cancellation from 15 guests (9.270692ms)
✔ six-person inquiry lists verified availability before signature (15.370175ms)
✔ six-adult availability reply stays complete in DE EN and SL (11.01535ms)
✔ deluxe 4: exact occupancy is passed to quote adapter (4.50468ms)
✔ deluxe 5: exact occupancy is passed to quote adapter (0.250623ms)
✔ deluxe 6: exact occupancy is passed to quote adapter (0.239096ms)
✔ family 4: exact occupancy is passed to quote adapter (0.186384ms)
✔ family 5: exact occupancy is passed to quote adapter (0.424002ms)
✔ vip 2: exact occupancy is passed to quote adapter (0.28755ms)
✔ vip 7: exact occupancy is passed to quote adapter (0.243463ms)
✔ season date is preserved, never manually surcharged (0.289224ms)
✔ outside single unit capacity is blocked (1.330456ms)
✔ child quote is blocked before launching browser (0.678977ms)
✔ normal lake adult 24h, separate source and validity (3.714839ms)
✔ barbed hook is prohibited (1.700526ms)
✔ unrelated accommodation inquiry does not activate fishing (0.741558ms)
✔ returning discount remains un-applied without Previo history (2.093789ms)
✔ dense English fishing question keeps all requested verified answers (1.245067ms)
✔ German and Slovenian barbed-hook questions stay localized (0.281074ms)
✔ generic Hungarian fishing conditions question gets concrete verified rules (0.453085ms)
✔ plain fishing intent gets the full verified requirements in all supported languages (1.85666ms)
✔ approved subject variants and descriptive inquiry subjects work while unrelated subjects stay rejected (7.840727ms)
✔ Gmail bridge enforces the predicate after inbox listing (1.288618ms)
✔ Gmail bridge imports the shared Sárberki core helpers (0.399967ms)
✔ Gmail record consumes normalized multilingual dates (0.156098ms)
✔ Gmail draft uses the shared multilingual reply builder (0.144945ms)
✔ Gmail bridge recognizes multilingual hot tub dog availability and child-age wording (0.667338ms)
✔ Gmail bridge has one canonical date parser (0.287965ms)
✔ Gmail record exposes canonical normalized fields for UI (0.730188ms)
✔ parsed child ages are not falsely marked missing (0.256618ms)
✔ Gmail bridge can read HTML-only inquiries (24.574523ms)
✔ reply and follow-up inquiry subjects remain readable (3.061036ms)
✔ contradictory adult child totals are escalated to human review (1.343667ms)
✔ generic inquiry prefixes do not admit unrelated mail (2.113301ms)
✔ previously read Gmail messages can be reopened directly from the picker (0.266059ms)
✔ HU parse (72.483008ms)
✔ EN parse (3.837672ms)
✔ DE parse (1.68608ms)
✔ SI parse (1.092012ms)
✔ missing cabin is never inferred from party size (0.29358ms)
✔ requested unit count is shared across HU EN DE SI (5.530774ms)
✔ HU repeated month range (1.895174ms)
✔ past yearless date rolls to next year and requires review (0.875428ms)
✔ next-year wording is explicit inference without review flag (9.256544ms)
✔ language detection is conservative across HU DE EN SI (3.824111ms)
✔ reply questions follow detected language and only ask missing fields (0.503607ms)
✔ Teszt Elek concrete regression parses all confirmed core fields (7.220219ms)
✔ HU abbreviated October range (0.796122ms)
✔ compact European numeric date ranges work in DE SI and HU wording (1.370629ms)
✔ yearless compact European range follows the shared year inference rule (1.015155ms)
✔ colloquial Hungarian without accents still parses core booking facts (4.037519ms)
✔ Hungarian guest count words are recognized conservatively (2.394763ms)
✔ adult plus child counts produce total guests in HU EN DE SI (0.666556ms)
✔ informal Hungarian child count and ages are recognized (2.180243ms)
✔ accentless Hungarian booking text is detected as Hungarian (0.150842ms)
✔ Hungarian missing-cabin follow-up uses natural wording (0.201813ms)
✔ real German Gmail regression parses current test message (1.354026ms)
✔ real German inbox regression parses yesterday's message (2.033956ms)
✔ private pier preference is recognized without inferring a cabin type (0.591267ms)
✔ German reply summary preserves the real inbox facts without inventing a cabin or price (0.898462ms)
✔ English reply summary uses the shared facts without inventing a cabin or price (0.402871ms)
✔ guest-facing email style follows language-specific conventions (10.26039ms)
✔ polite German and English follow-up questions avoid robotic repetition (0.255347ms)
✔ English full inquiry regression uses the shared multilingual core (1.603046ms)
✔ German orthography markers are recognized (0.341446ms)
✔ Slovenian orthography markers are recognized (0.167979ms)
✔ English aged child syntax is recognized (0.12405ms)
✔ labelled child age lists parse all ages in DE EN SI (2.635442ms)
✔ varied real-world DE SI EN inquiry regressions (12.931081ms)
✔ real Gmail comprehensive English end-to-end regression (3.395196ms)
✔ family holiday wording does not invent Family cabin (0.200244ms)
✔ English multiple-cabin regression from iPhone screen recording (1.989642ms)
✔ shared reply builder keeps manual and Gmail drafts identical for the same normalized facts (10.337168ms)
✔ shared reply builder asks only shared missing-data questions (19.242315ms)
✔ custom business timezone is supported (2.679978ms)
✔ HU natural 'és ... között' range regression (0.640013ms)
✔ booking subquestions return only the relevant known policy details (15.368323ms)
✔ dense HU inquiry keeps dates and answers booking conditions together (2.500356ms)
✔ booking policy answers stay equivalent in DE EN SI (1.30051ms)
✔ 15+ guest cancellation threshold is localized consistently (0.604033ms)
✔ dense operational questions are answered from verified config (1.342194ms)
✔ deposit percentage changes at 15 guests and unknown group size stays explicit (0.486337ms)
✔ pricing subquestions acknowledge season tax and alternatives (6.365613ms)
✔ dense guest letter keeps every verified answer in one final draft (5.764788ms)
✔ explicit total guest count overrides conflicting component wording (0.23275ms)
✔ adult plus child pairs still infer total when no explicit total is present (0.161242ms)
✔ cross-month ranges keep both months in EN DE SI and year rollover (1.703121ms)
✔ Slovenian family cabin wording maps to Családi (0.155738ms)
✔ short guest emails keep the correct reply language (0.154337ms)
✔ explicit total guest count beats earlier per-unit wording (0.177704ms)
✔ adult count parser reads all supported languages (0.267138ms)
✔ European numeric date ranges work in German and Slovenian style (0.291267ms)
✔ written Hungarian and Slovenian adult-child counts are parsed without a numeric total (0.912902ms)
✔ unknown child status also asks for child ages in HU DE EN SI (0.383906ms)
✔ real Kovacs Istvan numeric Hungarian date range is parsed (0.244257ms)
✔ known dates and party size offer capacity options without asking for a cabin type (0.269797ms)
✔ guest reply keeps accommodation and fishing in separate thematic blocks (4.727614ms)
✔ Hungarian short signature extracts guest name (0.379799ms)
✔ guest reply is grouped by topic and avoids repeated review language (0.475221ms)
✔ Gmail search reads every inbox message after the test start date, regardless of sender or subject (1.297998ms)
✔ wrong OAuth account stops before inbox reads (0.819085ms)
✔ inbox predicate accepts any sender and any subject (0.391255ms)
✔ local filter still rejects old dates, non-inbox mail and invalid timestamps (0.242028ms)
✔ OAuth callback verifies the designated account before requesting any messages (24.936489ms)
✔ main analyzer recognizes multilingual explicit cabin vocabulary (2.912132ms)
✔ main analyzer only asks cabin type when dates and guest count are insufficient for availability discovery (0.34847ms)
✔ open multi-unit wording stays uncertain instead of becoming one unit (0.358297ms)
✔ Teszt Elek UI regression guards normalized transfer behavior (0.387418ms)
✔ guest-facing draft stays relevant and normalized (0.294331ms)
✔ guest reply contains useful booking summary and explicit pending checks (0.182045ms)
✔ reply engine answers only actual guest questions while confirming core booking facts (0.736446ms)
✔ manual UI and Gmail bridge use the same shared Sarberki core (0.330486ms)
✔ Gmail bridge remains strictly read-only and exposes no send action (0.434445ms)
✔ test UI does not overclaim Previo side-effect safety (0.248322ms)
✔ test deployment cache-busts the updated rule modules (0.228851ms)
✔ availability integration regenerates the full reply instead of appending to a stale draft (0.895513ms)
✔ availability block is inserted before the email signature (0.224417ms)
✔ Gmail draft mirrors the unified main reply and availability result (0.255569ms)
✔ analysis waits for the shared rules engine and availability can recover missed events (0.237397ms)
✔ availability insertion function is not corrupted (2.102073ms)
✔ approved fish logo asset remains wired on the test UI (1.874437ms)
✔ manual Gmail web form and phone AI normalize into the same booking schema (124.527159ms)
✔ phone AI transcript uses the common core without creating a separate booking logic (1.454862ms)
✔ unknown channels are rejected (2.265922ms)
✔ pricing flow recognizes explicit cabin words in HU DE EN SI (1.576483ms)
✔ pricing flow keeps ambiguous cabin unresolved but allows availability discovery from exact date and guest count (0.433447ms)
✔ pricing consumes normalized Gmail ISO dates and blocks inferred year auto quote (0.386662ms)
✔ price checker transfers child counts and ages and requires exact ages for live quote (3.689985ms)
✔ price checker auto-fills after manual analysis and loaded records (0.284103ms)
✔ price approval requires a separate human action before draft insertion (0.624142ms)
✔ approved price insertion follows explicit human approval and manual cabin choice (0.34822ms)
✔ approved online quote keeps accommodation and IFA breakdown (0.285577ms)
✔ pet and hot-tub wording follows current guest-response rules (0.222656ms)
✔ changing quote inputs invalidates previous price approval (0.400518ms)
✔ Teszt Elek reply retains known facts without inventing a price or pet fee (4.9689ms)
✔ split cabin requires A B C choice before pricing (0.19657ms)
✔ split capacities are wired and explicit A B C units can reach pricing (0.136764ms)
✔ Slovenian family cabin wording reaches pricing (0.22176ms)
✔ Gmail normalized facts override weaker UI extraction and contradiction review blocks auto quote (1.447863ms)
✔ approved quote asks for explicit guest confirmation before booking in all four languages (0.178569ms)
✔ approved price reply uses configured group-size deposit and cancellation terms in all four languages (0.177497ms)
✔ multilingual approved price survives draft rewrite (0.352863ms)
✔ focused replies ask for every missing booking basic (0.91335ms)
✔ price preparation no longer falls back from total guests to adults (0.206407ms)
✔ only exact future dates and explicit room and adult count are accepted (3.322968ms)
✔ personal and unrecognized fields are rejected before a Previo request (0.701917ms)
✔ forbidden input fields make zero adapter calls even if live gate were enabled (9.47919ms)
✔ price summary accepts only HUF and preserves the displayed total (0.590284ms)
✔ child price is blocked before a browser is opened (2.312504ms)
✔ deployed quote fails closed with JSON when live source fails (1.27059ms)
✔ Netlify endpoint returns only checked adapter data and omits price when unavailable (15557.185242ms)
✔ Netlify runtime context is not mistaken for the price adapter (0.779839ms)
✔ without PMS no-hold verification no live request is made (0.554607ms)
✔ multi-house capacity is accepted only with an explicit sufficient unit count (0.327018ms)
✔ split base reference remains available when no extra-guest rate is needed (2.340214ms)
✔ split reference fails closed when a fifth adult would require the stale extra-person rate (0.843006ms)
✔ split reference fails closed when an extra child would require the stale child rate (2.1065ms)
✔ recorded child matrix keeps 2/5/13/17 prices stable and 18-year-old as adult IFA control (6.324109ms)
✔ recorded quote lookup returns verified child fixture without live Previo (1.781705ms)
✔ split pools are available for read-only occupancy without enabling split quotes (9.34112ms)
✔ 2 adults: source JSON is the sole price, and availability is checked (3.42415ms)
✔ 2 adults and 7/11 year old children use separate Previo categories (5.512875ms)
✔ different cabin maps to its own Previo object kind (1.429621ms)
✔ child age boundaries are preserved for every live-mapped Sárberki cabin (17.24445ms)
✔ 18-year-old control is sent as an adult, never as a child category (2.092871ms)
✔ two units return a reconciled per-unit breakdown and require two free units (1.725752ms)
✔ no capacity never requests a price (0.640261ms)
✔ invalid input, unknown price and source error fail without a quote (3.335454ms)
✔ all outbound requests are restricted to anonymous search, occupancy and price (1.236427ms)
✔ a changed first step form cannot route a POST to a reservation endpoint (0.80859ms)
✔ a search redirect to any booking submission route is rejected without following it (1.446303ms)
✔ redirects containing an unexpected guest or tracking parameter are rejected (1.459974ms)
✔ only the known 302 search redirect is followed as GET (0.958601ms)
✔ forbidden endpoint, origin, redirect method and body make zero outbound calls (0.653015ms)
✔ initial anonymous GET may redirect only to step-1 (0.397783ms)
✔ nested personal fields and reservation hashes are blocked before network access (0.558921ms)
✔ six guests produce verified single-house options and split manual-review combinations (21.239424ms)
✔ split pooled availability can be verified while physical pairing stays manual (4.472261ms)
✔ insufficient split pool capacity never upgrades the manual-review combination (0.517699ms)
✔ same-type multi-unit option requires enough free units (0.383997ms)
✔ availability endpoint accepts only anonymous dates and total guests (6.474497ms)
✔ live availability is isolated to the test host (0.743401ms)
✔ split planner never claims verified availability (0.597634ms)
✔ split manual review explains the verified pooled Previo type mapping boundary (1.695158ms)
✔ availability reply hu uses the guest language (1.766478ms)
✔ availability reply hu does not expose internal PMS mapping (0.3606ms)
✔ availability reply de uses the guest language (0.276462ms)
✔ availability reply de does not expose internal PMS mapping (0.199562ms)
✔ availability reply en uses the guest language (0.13685ms)
✔ availability reply en does not expose internal PMS mapping (0.098252ms)
✔ availability reply si uses the guest language (0.179917ms)
✔ availability reply si does not expose internal PMS mapping (0.303695ms)
✔ availability option labels are localized for de (0.429178ms)
✔ core reply does not invent a cabin choice in de (10.330827ms)
✔ availability option labels are localized for en (0.163404ms)
✔ core reply does not invent a cabin choice in en (5.841056ms)
✔ availability option labels are localized for si (0.151942ms)
✔ core reply does not invent a cabin choice in si (2.505188ms)
✔ empty availability does not promise accommodation (0.20814ms)
✔ late availability response cannot overwrite a changed inquiry (3.389588ms)
✔ blank child ages never become age zero during capacity enrichment (15.228191ms)
✔ verified availability replaces the generic capacity placeholder inside the accommodation block (0.628305ms)
✔ generic business profile contains no hard-coded accommodation business (3.455213ms)
✔ Sárberki values are supplied through its business profile (2.025897ms)
✔ video Teszt Elek: approved price, missing phone, one car, close arrival and clear hot-tub scope agree (49.804291ms)
✔ a phone supplied after import updates both reply and missing list, preserving approved stay price (6.530692ms)
✔ changed stay or guest ages invalidate quote and all dependent checks (4.367576ms)
✔ a stale async quote cannot be approved against changed facts (0.807632ms)
✔ availability enrichment preserves the approved quote and sits before signature (0.982638ms)
✔ hot-tub verification has independent dimensions and is not implied by a Deluxe price (1.256656ms)
✔ zero verified hot-tub fee is retained and explicit unavailable hot tub is never promised (1.68337ms)
✔ operator-verified terms replace the pending policy and specific amount warning (1.366534ms)
✔ checking a policy box without concrete verified data cannot hide missing business decisions (0.763781ms)
✔ normal advance arrival has no close-arrival warning; 15-person group uses configured 30-day threshold (1.092694ms)
✔ the calendar threshold uses Budapest date instead of UTC midnight (0.561262ms)
✔ current-state reply in HU contains price, phone and known parking without invented terms (6.396564ms)
✔ current-state reply in DE contains price, phone and known parking without invented terms (1.117534ms)
✔ current-state reply in EN contains price, phone and known parking without invented terms (1.750296ms)
✔ current-state reply in SL contains price, phone and known parking without invented terms (1.361019ms)
✔ one-car normalization accepts each supported guest language (1.163021ms)
✔ recorded rental rules distinguish physical tubs from availability and a quoted duration (0.851586ms)
✔ unrelated unresolved guest questions survive central-state regeneration (1.232385ms)
✔ changing an approved price revokes the old concrete deposit calculation (0.854531ms)
✔ actual analyzer and price approval handlers render both drafts from current state (141.561683ms)
✔ field edit regenerates the reply and revokes the old price without manual refresh (20.60129ms)
✔ phone supplementation and refresh retain approval and remove the phone question (22.122159ms)
✔ manual letter edits are not silently overwritten by the input handler (10.325362ms)
✔ operator checks flow through the same state and remove obsolete deposit warnings (16.314149ms)
✔ switching inquiries discards quote, phone and verification from the previous guest (43.853741ms)
✔ actual price request and approval carry the recorded HUF and EUR quote into both full replies (29.971929ms)
✔ a delayed price response cannot overwrite an edited stay (20.393101ms)
✔ stress hu-plain (115.625603ms)
✔ stress hu-lines (25.032956ms)
✔ stress hu-upper (6.015132ms)
✔ stress hu-space (4.842918ms)
✔ stress hu-long (6.803871ms)
✔ stress hu-subject-0 (5.845539ms)
✔ stress hu-subject-1 (3.913224ms)
✔ stress hu-subject-24 (5.83808ms)
✔ stress hu-subject-19 (4.164857ms)
✔ stress de-plain (20.843016ms)
✔ stress de-lines (4.002196ms)
✔ stress de-upper (5.054662ms)
✔ stress de-space (5.098648ms)
✔ stress de-long (4.252388ms)
✔ stress de-subject-0 (5.984965ms)
✔ stress de-subject-1 (6.314593ms)
✔ stress de-subject-24 (6.322399ms)
✔ stress de-subject-19 (3.536228ms)
✔ stress en-plain (6.67398ms)
✔ stress en-lines (4.020024ms)
✔ stress en-upper (3.893216ms)
✔ stress en-space (7.267345ms)
✔ stress en-long (5.320868ms)
✔ stress en-subject-0 (4.425717ms)
✔ stress en-subject-1 (3.999757ms)
✔ stress en-subject-24 (4.177967ms)
✔ stress en-subject-19 (5.882418ms)
✔ stress si-plain (6.045113ms)
✔ stress si-lines (4.489606ms)
✔ stress si-upper (5.053161ms)
✔ stress si-space (3.677645ms)
✔ stress si-long (5.246117ms)
✔ stress si-subject-0 (5.130463ms)
✔ stress si-subject-1 (3.864019ms)
✔ stress si-subject-24 (5.462235ms)
✔ stress si-subject-19 (3.874823ms)
✔ stress cabin-0 (12.692686ms)
✔ stress cabin-1 (10.334421ms)
✔ stress cabin-2 (7.052674ms)
✔ stress cabin-3 (5.365409ms)
✔ stress cabin-4 (3.232161ms)
✔ stress accentless (5.549054ms)
✔ stress word-conflict (7.933662ms)
✔ stress digit-conflict (3.743636ms)
✔ stress unknown-children (6.373714ms)
✔ stress missing-ages (4.787178ms)
✔ stress single-age (4.030128ms)
✔ stress separate-ages (3.814285ms)
✔ stress age-phone (3.490016ms)
✔ stress adult-age (7.566893ms)
✔ stress date-phone (2.19075ms)
✔ stress booking-phone (6.49366ms)
✔ stress signature-phone (3.057377ms)
✔ stress invalid-53 (2.426519ms)
✔ stress invalid-54 (2.867955ms)
✔ stress invalid-55 (2.585631ms)
✔ stress invalid-56 (3.501103ms)
✔ stress two-ranges (3.282392ms)
✔ stress three-dates (2.176161ms)
✔ stress next-year-de (6.076445ms)
✔ stress next-year-si (3.433423ms)
✔ stress next-year-natural (3.098439ms)
✔ stress relative-62 (2.128111ms)
✔ stress relative-63 (2.681712ms)
✔ stress relative-64 (2.531739ms)
✔ stress relative-65 (2.632054ms)
✔ stress relative-66 (2.787321ms)
✔ stress old-yearless (3.114096ms)
✔ stress quote-68 (4.053333ms)
✔ stress quote-69 (3.886711ms)
✔ stress quote-70 (3.569355ms)
✔ stress dog-retracted (4.018625ms)
✔ stress dog-no-en (5.16492ms)
✔ stress tub-no (4.261997ms)
✔ stress multi-house (3.986129ms)
✔ stress open-house (4.38774ms)
✔ stress no-child (5.506029ms)
✔ stress late-arrival (6.067158ms)
✔ stress policy (4.444064ms)
✔ stress known-cabin (4.228745ms)
✔ stress special (4.373181ms)
✔ stress hu-plain-newline (4.510578ms)
✔ stress hu-lines-newline (4.583748ms)
✔ stress hu-upper-newline (4.111137ms)
✔ stress hu-space-newline (4.162822ms)
✔ stress hu-long-newline (7.629672ms)
✔ stress de-plain-newline (3.807302ms)
✔ stress de-lines-newline (4.206584ms)
✔ stress de-upper-newline (3.941593ms)
✔ stress de-space-newline (4.958054ms)
✔ stress de-long-newline (6.774516ms)
✔ stress en-plain-newline (4.026757ms)
✔ stress en-lines-newline (4.697084ms)
✔ stress en-upper-newline (5.001408ms)
✔ stress en-space-newline (4.454402ms)
✔ stress en-long-newline (10.077233ms)
✔ stress si-plain-newline (6.073959ms)
✔ stress si-lines-newline (4.510324ms)
✔ stress si-upper-newline (5.359406ms)
✔ stress si-space-newline (6.098823ms)
✔ stress si-long-newline (8.203471ms)
✔ stress cabin-0-newline (4.105438ms)
✔ stress cabin-1-newline (4.570353ms)
✔ stress cabin-2-newline (3.75249ms)
✔ stress cabin-3-newline (4.766794ms)
✔ stress cabin-4-newline (3.622586ms)
✔ stress accentless-newline (3.663853ms)
✔ stress word-conflict-newline (3.897331ms)
✔ stress digit-conflict-newline (3.896652ms)
✔ stress unknown-children-newline (4.14863ms)
✔ stress missing-ages-newline (4.683916ms)
✔ stress single-age-newline (4.530821ms)
✔ stress separate-ages-newline (4.28319ms)
✔ stress age-phone-newline (3.798022ms)
✔ stress adult-age-newline (5.935478ms)
✔ stress date-phone-newline (2.932699ms)
✔ stress booking-phone-newline (4.405018ms)
✔ stress signature-phone-newline (4.441575ms)
✔ stress invalid-53-newline (2.926408ms)
✔ stress invalid-54-newline (2.898865ms)
✔ stress invalid-55-newline (2.233122ms)
✔ stress invalid-56-newline (3.571285ms)
✔ stress two-ranges-newline (5.045643ms)
✔ stress three-dates-newline (2.581943ms)
✔ stress next-year-de-newline (4.436597ms)
✔ stress next-year-si-newline (4.044923ms)
✔ stress next-year-natural-newline (4.268965ms)
✔ stress relative-62-newline (2.538791ms)
✔ stress relative-63-newline (2.626758ms)
✔ stress relative-64-newline (2.747097ms)
✔ stress relative-65-newline (2.934153ms)
✔ stress relative-66-newline (2.677329ms)
✔ stress old-yearless-newline (4.420564ms)
✔ stress quote-68-newline (4.101859ms)
✔ stress quote-69-newline (5.494854ms)
✔ stress quote-70-newline (4.169789ms)
✔ stress dog-retracted-newline (4.358963ms)
✔ stress dog-no-en-newline (3.667919ms)
✔ stress tub-no-newline (4.021697ms)
✔ stress multi-house-newline (4.338665ms)
✔ stress open-house-newline (3.628076ms)
✔ stress no-child-newline (3.907573ms)
✔ stress late-arrival-newline (4.785635ms)
✔ stress policy-newline (4.338225ms)
✔ stress known-cabin-newline (5.598745ms)
✔ stress special-newline (4.065931ms)
✔ stress mixed-hu-0 (7.479592ms)
✔ stress mixed-hu-1 (4.988965ms)
✔ stress mixed-hu-2 (5.642421ms)
✔ stress mixed-hu-3 (10.381485ms)
✔ stress mixed-hu-4 (5.012252ms)
✔ stress mixed-hu-5 (7.237639ms)
✔ stress mixed-hu-6 (5.041253ms)
✔ stress mixed-hu-7 (9.113724ms)
✔ stress mixed-hu-8 (7.019594ms)
✔ stress mixed-hu-9 (11.311593ms)
✔ stress mixed-hu-10 (8.056181ms)
✔ stress mixed-hu-11 (17.682425ms)
✔ stress mixed-hu-12 (6.105738ms)
✔ stress mixed-hu-13 (10.12817ms)
✔ stress mixed-hu-14 (7.905647ms)
✔ stress mixed-hu-15 (7.731886ms)
✔ stress mixed-hu-16 (10.010112ms)
✔ stress mixed-hu-17 (14.669754ms)
✔ stress mixed-hu-18 (4.116406ms)
✔ stress mixed-hu-19 (4.517289ms)
✔ stress mixed-hu-20 (3.959022ms)
✔ stress mixed-hu-21 (4.645283ms)
✔ stress mixed-hu-22 (4.80859ms)
✔ stress mixed-hu-23 (5.176314ms)
✔ stress mixed-en-0 (6.735039ms)
✔ stress mixed-en-1 (7.740086ms)
✔ stress mixed-en-2 (6.257884ms)
✔ stress mixed-en-3 (5.938662ms)
✔ stress mixed-en-4 (4.693866ms)
✔ stress mixed-en-5 (10.79604ms)
✔ stress mixed-en-6 (3.999638ms)
✔ stress mixed-en-7 (4.590178ms)
✔ stress mixed-en-8 (3.913689ms)
✔ stress mixed-en-9 (5.053499ms)
✔ stress mixed-en-10 (4.626485ms)
✔ stress mixed-en-11 (4.794139ms)
✔ stress mixed-en-12 (4.02285ms)
✔ stress mixed-en-13 (5.299398ms)
✔ stress mixed-en-14 (3.986251ms)
✔ stress mixed-en-15 (5.350513ms)
✔ stress mixed-en-16 (4.357383ms)
✔ stress mixed-en-17 (5.742683ms)
✔ stress mixed-en-18 (6.74138ms)
✔ stress mixed-en-19 (7.467277ms)
✔ stress mixed-en-20 (10.27593ms)
✔ stress mixed-en-21 (6.473466ms)
✔ stress mixed-en-22 (4.527613ms)
✔ stress mixed-en-23 (4.671429ms)
✔ stress mixed-de-0 (3.546481ms)
✔ stress mixed-de-1 (4.645005ms)
✔ stress mixed-de-2 (3.782183ms)
✔ stress mixed-de-3 (4.955007ms)
✔ stress mixed-de-4 (3.967755ms)
✔ stress mixed-de-5 (5.155817ms)
✔ stress mixed-de-6 (3.967876ms)
✔ stress mixed-de-7 (4.432458ms)
✔ stress mixed-de-8 (3.794689ms)
✔ stress mixed-de-9 (4.881127ms)
✔ stress mixed-de-10 (4.770436ms)
✔ stress mixed-de-11 (4.936816ms)
✔ stress mixed-de-12 (3.832322ms)
✔ stress mixed-de-13 (5.046143ms)
✔ stress mixed-de-14 (5.255648ms)
✔ stress mixed-de-15 (5.952091ms)
✔ stress mixed-de-16 (4.435756ms)
✔ stress mixed-de-17 (5.632168ms)
✔ stress mixed-de-18 (4.859044ms)
✔ stress mixed-de-19 (4.578946ms)
✔ stress mixed-de-20 (4.203235ms)
✔ stress mixed-de-21 (7.909407ms)
✔ stress mixed-de-22 (4.288875ms)
✔ stress mixed-de-23 (6.091106ms)
✔ stress mixed-si-0 (4.666285ms)
✔ stress mixed-si-1 (4.764507ms)
✔ stress mixed-si-2 (5.062569ms)
✔ stress mixed-si-3 (5.300167ms)
✔ stress mixed-si-4 (4.362746ms)
✔ stress mixed-si-5 (5.509659ms)
✔ stress mixed-si-6 (4.635095ms)
✔ stress mixed-si-7 (4.977871ms)
✔ stress mixed-si-8 (5.162098ms)
✔ stress mixed-si-9 (5.904628ms)
✔ stress mixed-si-10 (4.601621ms)
✔ stress mixed-si-11 (5.376478ms)
✔ stress mixed-si-12 (4.928404ms)
✔ stress mixed-si-13 (5.937705ms)
✔ stress mixed-si-14 (4.369228ms)
✔ stress mixed-si-15 (5.157127ms)
✔ stress mixed-si-16 (4.398158ms)
✔ stress mixed-si-17 (4.988635ms)
✔ stress mixed-si-18 (4.613551ms)
✔ stress mixed-si-19 (8.78827ms)
✔ stress mixed-si-20 (10.420364ms)
✔ stress mixed-si-21 (4.829247ms)
✔ stress mixed-si-22 (4.153823ms)
✔ stress mixed-si-23 (5.240259ms)
✔ stress arrival-time-changed (7.75664ms)
✔ stress age-adult-child (3.653345ms)
✔ stress fishing-accentless (4.282156ms)
✔ stress realistic-hu-email (8.119353ms)
✔ stress realistic-de-email (4.495309ms)
✔ stress realistic-en-email (3.778033ms)
✔ stress realistic-si-email (5.531439ms)
✔ fresh Gmail inbox fixtures survive Gmail transform and reply drafting (153.291148ms)
✔ Kovács István six-person inquiry keeps total count, signature name and clean review state (5.808424ms)
✔ complete consistent inquiry is ready independently from any PMS (2.07949ms)
✔ missing child ages block readiness (0.288837ms)
✔ guest-count contradiction requires human review (0.200466ms)
✔ unknown accommodation and unknown child status stay incomplete (0.211116ms)
✔ shared inquiry contract is business-independent and preserves normalized payload (1.942731ms)
✔ shared inquiry contract accepts every planned input channel (0.423789ms)
✔ shared inquiry contract rejects unknown channel and empty text (0.926608ms)
✔ test header uses the orange fish-and-crown Sárberki crest SVG (2.289174ms)
✔ read-only PMS adapter exposes normalized availability and quote operations (2.623889ms)
✔ booking mutation capability is rejected at adapter boundary (0.975719ms)
✔ live Previo is enabled only on the isolated test host (2.56136ms)
✔ live Previo stays disabled on production host by default (0.277204ms)
✔ live Previo cannot be enabled on another host or production (0.780923ms)
✔ disabled handler does not call the source (3.159254ms)
✔ enabled handler accepts a validated mocked quote (2.298361ms)
✔ MNB EUR lookup falls back to the official daily rates page when SOAP is unavailable (2.445572ms)
✔ any verified inbox message from the test Gmail account can trigger Pushover (10.410959ms)
✔ sender and subject are not allowlisted; Gmail itself is the source of notification text (2.217297ms)
✔ wrong Gmail account, non-inbox mail and unauthenticated calls cannot notify (3.005705ms)
✔ arbitrary notification text cannot be injected and production origin is blocked (1.071713ms)
✔ Pushover credentials stay server-side and provider rejection is reported (3.169082ms)
✔ fixed notification sent only server-side; success exposes no credentials (11.411228ms)
✔ production, wrong site, foreign origin and custom messages never send (4.264965ms)
✔ missing configuration does not invoke Pushover (2.038945ms)
✔ provider failure and timeout do not leak secrets or retry (2.340769ms)
✔ configured Gmail watch does not claim end-to-end Pushover delivery (20.108916ms)
✔ successful Gmail poll and successful send have separate observed timestamps (1.763572ms)
✔ failed Pushover send does not become a successful send status (1.623143ms)
✔ missing facts route to data collection before any pricing adapter (2.748824ms)
✔ contradiction routes to human review (0.521637ms)
✔ clean assessment routes to pricing boundary (0.269219ms)
ℹ tests 553
ℹ suites 0
ℹ pass 553
ℹ fail 0
ℹ cancelled 0
ℹ skipped 0
ℹ todo 0
ℹ duration_ms 16097.410755
